{"statusCode":404,"message":"Board not found"}
{"statusCode":404,"message":"Page not found"}
{"statusCode":404,"message":"Task not found"}
{"statusCode":204,"message":"Board deleted"}
{"statusCode":204,"message":"Board deleted"}
{"statusCode":204,"message":"Board deleted"}
{"statusCode":204,"message":"Board deleted"}
{"statusCode":404,"message":"Board not found"}
{"statusCode":204,"message":"Board deleted"}
{"statusCode":404,"message":"Task not found"}
{"statusCode":404,"message":"Task not found"}
{"statusCode":404,"message":"Task not found"}
{"statusCode":404,"message":"Task not found"}
{"statusCode":404,"message":"Task not found"}
{"statusCode":204,"message":"Board deleted"}
{"statusCode":204,"message":"Board deleted"}
{"statusCode":404,"message":"Task not found"}
{"statusCode":204,"message":"Board deleted"}
{"statusCode":204,"message":"Board deleted"}
{"statusCode":204,"message":"Board deleted"}
{"statusCode":204,"message":"Board deleted"}
{"statusCode":404,"message":"Board not found"}
{"statusCode":204,"message":"Board deleted"}
{"statusCode":404,"message":"Task not found"}
{"statusCode":404,"message":"Task not found"}
{"statusCode":404,"message":"Task not found"}
{"statusCode":404,"message":"Task not found"}
{"statusCode":404,"message":"Task not found"}
{"statusCode":204,"message":"Board deleted"}
{"statusCode":204,"message":"Board deleted"}
{}{}{}{}{}{}{"statusCode":404,"message":"Task not found"}
{"statusCode":204,"message":"Board deleted"}
{"statusCode":204,"message":"Board deleted"}
{"statusCode":204,"message":"Board deleted"}
{"statusCode":204,"message":"Board deleted"}
{"statusCode":404,"message":"Board not found"}
{"statusCode":204,"message":"Board deleted"}
{"statusCode":404,"message":"Task not found"}
{"statusCode":404,"message":"Task not found"}
{"statusCode":404,"message":"Task not found"}
{"statusCode":404,"message":"Task not found"}
{"statusCode":404,"message":"Task not found"}
{"statusCode":204,"message":"Board deleted"}
{"statusCode":204,"message":"Board deleted"}
Unhandled promise rejection: undefinedUnhandled promise rejection: reas asdas undefinedUnhandled promise rejection: reas asdas undefined
Unhandled promise rejection: reas asdas undefined
Unhandled promise rejection: reas asdas
Unhandled promise rejection: reas asdas 
